100
100
++++++++++++++++++++++++++++++++++++++++++++++++++++++++++++++++++++++++++++++++++++++++++++++++++++
+gg                                                                                              gg+
+g                                                                                                g+
+---------------D----------D-----D-----D--D---------------------------D---------------------D------+
+                        -     -     -  -    -                                                     +
+                        D     -     -  -    D                                                     +
+                        D     D     D  -    ---------------------------D-----------------------D--+
+----D-------D------------     -     -  D    -                                                     +
+                        -     -     -  D    D                                                     +
+                        D     -     -  -    -                                                     +
+                        -     -     -  -    -                                                     +
+-D---D----D---D----D----D--D--D-D-----D--D--D--------------------------------D-D-------------D----+
+  -     -   -   -     -    -           -             -                                -           +
+  -     -   -   -     -    D           D             D                                D           +
+  -     -   -   -     -    ---D---D-----             -                                -           +
+  D     D   -   -     D    -           D             D                                -           +
+  -     -   -   -     D    D           D             --D--------D-----D------D------D---D-----D---+
+  -     -   D   -     -    -           -             -      -      -              -   -    -      +
+  -     -   -   -     -    -           -----D--D------      D      D              D   -    D      +
+  -     -   -   -     -    --D-D--------             -      D      D-D--D---------D   -    ---D-D-+
+  -     -   -   -     -    -           D             -      -      -              -   D    -      +
+  -     -   -   D     -    D           D             D      -      D              D   D    D      +
+  -     -   -   D     -    -           -             -      -      -              -   -    -      +
+  -     D   -   -     -    D--D--D------             -      -      -              -   -    -      +
+  -     -   -   -     -    -           --------D--------DD-----D----------D---------D---D------D--+
+  -     -   -   -     -    D           D                                                          +
+  -     -   -   -     -    -           D                                                          +
+  -     -   --D----D----D------D--------                                                          +
+  -     -   -         -    -           --D------------D-------------D----D-----D-----------D-----D+
+  -     -   D         D    D           D    -                     -    -    -            -     -  +
+  -     -   -         -    -           -    D                     D    -    D            D     -  +
+  -     -   -         D    ---D-----D---    ---------------D-D-----    -    -            -     -  +
+  -     -   --D--D-----    D           -    -                     -    -    --D---D-------     -  +
+  -     -   -         -    D           D    D                     D    -    -            -     -  +
+  -     -   D         D    -           -    -                     -    D    D            -     -  +
+  -     -   -         -    -           -    -                     -    -    -            -     -  +
+  D     -   ---D--D---D-D------D----D---    -----D-----D-----------    D    -            -     -  +
+  -     -   -     -          -         -    -                     -    -    -            -     -  +
+  -     -   -     -          D         -    D                     D    -    -            D     -  +
+  -     -   -     -          -         -    -                     -    -    -            -     -  +
+  -     -   -     -          D         D    --D-----------DD---D---    -    -            -     -  +
+  -     -   -     D          -         -    -      -         -    -    -    -            -     -  +
+  -     -   -     -          -         -    -      -         -    -    -    -            -     D  +
+  -     -   -     D          -         -    -      -         -    -    -    -            -     -  +
+  -     -   -     ------D----D-----D----    -      -         -    -    -    -            -     -  +
+  -     -   -     -                    -    -      -         -    -    -    -            -     -  +
+  -     -   -     D                    D    -      -         -    -    -    -            -     -  +
+  -     -   -     --D-D-----------------    -      D         D    -    -    -            -     -  +
+  -     -   -     -                    -    -      -         -    -    -    -            -     -  +
+-D--DD---DD--     -                    -    -      -         -    -    -    -            D     -  +
+  -    -    -     D                    -    -    gg-         -    -    -    -            -     -  +
+  -    -    -     -                    D    -    gg-         -    -    -    -            -     -  +
+  -    -    -     -                    -    -      -         -    -    -    -            -     -  +
+  -    -    -     -                    -    -      -         -    D    -    -            -     D  +
+  -    -    -     -                    -    -      D         -    -    -    -            -     -  +
+  -    -    -     -                    -    -      -         -    -    -    ------D-D--D--     -  +
+  -    D    -     ---D-D-------D--------    -      -         -    -    -    -        -   -     -  +
+  -    -    -     -        -           -    -      -         -    -    -    D        -   -     -  +
+  -    -    -     -        -           -    -      -         -    -    -    -        -   -     -  +
+  -    -    -     -        D           -    -      -         -    -    -    -        D   -     -  +
+  -    -    -     -        -           -    -      -         -    -    -    -        -   -     -  +
+  -    -    -     -        -           -    -      -         -    -    -    -        -   -     -  +
+  -    -    -     -        D           D    -      -         -    -    -    -        -   -     -  +
+  -    -    -     -        -           -    -      -         -    -    -    -        -   -     -  +
+  -    -    -     D        -           -    -      -         -    -    -    -        -   -     -  +
+  -    -    -     -        -           -    -      -         -    D    -    -        -   -     -  +
+  -    -    -     -        --------D----    -      -         -    -    -    -        -   -     -  +
+  -    -    -     -        -           -    -      -         D    -    -    -        -   -     -  +
+  -    -    -     -        -           D    -      -         -    -    -    -        -   -     -  +
+  -    -    -     -        -           -    -      -         -    -    -    -        -   -     -  +
+  -    -    D     -        -           -    -      -         -    -    -    -        -   -     -  +
+  -    -    -     -        -           -    -      -         -    -    -    -        -   -     -  +
+  -    D    D     -        D           -    -      -         -    -    -    -        -   -     -  +
+  -    -    -     ----D-D---           -    -      -         -    -    -    -        -   -     -  +
+  -    -    -     -        -           -    -      -         -    -    -    -        D   D     -  +
+  -    -    -     -        -           -    -      -         -    -    -    -        -   -     -  +
+  -    -    -     D        -           -    -      -         -    -    -    -        -   -     -  +
+  -    -    -     -        -           -    -      -         -    -    -    -        -   -     -  +
+  -    -    -     -        -           -    -      -         -    -    -    -        -   -     -  +
+  -    -    -     -        D           -    -      -         -    -    -    -        -   -     -  +
+  -    -    -     -        -           D    -      -         -    -    -    -        -   -     -  +
+  -    -    -     -        -           -    -      -         -    -    -    -        -   -     -  +
+  D    -    -     -        -           -    D      -         -    -    -    -        -   -     -  +
+  -    -    -     -        -           -    -      -         -    -    -    -        -   -     -  +
+  -    -    -     -        -           -    -      -         -    -    -    --D---D----D----D-D--D+
+  -    -    -     -        -           -    -      -         -    -    -    -   -        -        +
+  -    -    --D------D--------D---------    -      -         - T  -    -    -   -        D        +
+  -    -    -                          -    -      -         -    -    -    -   -        D        +
+  -    -    -                          -    -      -         -    -    -    -   D        -        +
+  -    -    D                          D    -      -         -    -    -    -   -        -        +
+  -    -    -                          -    ---D------D-D-----DD---    -    -   D        -----D-D-+
+  -    -    -                          -    -             -       -    -    D   -        -        +
+  -    -    --D--------D---------D------    D             D       D    -    -   -        D        +
+  -    -    -   -                      -    D             -       -    -    -   -        -        +
+  -    -    -   D                      D    ----D----D-------D-D---    -    --D---D--D----        +
+  D    -    -   D---------------D--D----    -             -       -    -    -            --DD-----+
+  -    -    -   -                      -    -             D       D    -    -            -        +
+g -    -    D   D                      D    D             -       -    -    D            D       g+
+gg-    -    -   -                      -    -             -       -    -    -            -      gg+
++++++++++++++++++++++++++++++++++++++++++++++++++++++++++++++++++++++++++++++++++++++++++++++++++++
