50
50
++++++++++++++++++++++++++++++++++++++++++++++++++
+   D                                   D        +
+   -                              T             +
+   -----------------------D----- ---------------+
+   -   -        -     -    -     -              +
+   D   D        -     -    -     -              +
+   -   -        -     -    -     -              +
+   -   - ------ -     -    -     -              +
+   -   - D      -     -    - --- D              +
+   -   - -      D     -    - -   -              +
+   -   - -      -     -    - -   ---------------+
+   -     ------ -     -    - -                  +
+                           - -                  +
+   -------D-------------   - -                  +
+   -                                            +
+                        --------D--------       +
+D---                    -               -       +
+                                        -       +
+------------D--------------------       -       +
+-                               -       -       +
+-                               -       -       +
+-                               -       -       +
+-                               D       -       +
+-                               -       -----   +
+-                                       -   -   +
+-         -------------D  -----------   -   -   +
+-         D                         D   -   D   +
+-         -                         -   -   -   +
+D         ----------------------D----   -   -   +
+-                               -       --D--   +
+-                               ---     -       +
+-                               - -     --------+
+------------D-------------------- D     -       +
+       -       -      -           -     -       +
+       -       -      -                         +
+       -       -      -     ------------------D-+
+       -       -      -     -                   +
+       -       -      -     -                   +
+       -       -      -     -                   +
+       D       -      -     D                   +
+       -       -      -     -                   +
+       -       -      -     -                   +
+       -       -      -     -                   +
+       -       -      -     --D-----------------+
+       -       -      D           -     -       +
+       -       -      -           -     -       +
+       -       -      -           -     D       +
+       -       -      -           -     -       +
+       -       -      -           -     -       +
++++++++++++++++++++++++++++++++++++++++++++++++++
