200
200
++++++++++++++++++++++++++++++++++++++++++++++++++++++++++++++++++++++++++++++++++++++++++++++++++++++++++++++++++++++++++++++++++++++++++++++++++++++++++++++++++++++++++++++++++++++++++++++++++++++++
+                                                                                                                                                                                                      +
+                                                                                                                                                                                                      +
+                                                           -D--------                                                                                                                                 +
+                                                                 ----------------                                                                                                                     +
+                                                                                                                                                                                     -----------------+
+                                                                                                                                                                                                      +
+                                                                                                                                                                                                      +
+                                                                                                                                                              -                                       +
+                                                                                                                                                                                                      +
+-                                                                                                                                                                                                     +
+-                                                                                                                                                                                                     +
+-                                                                                                                                                                                                     +
+-                                                                                                                                                                                                     +
+-                                                                                                                                                                                                   - +
+-                                                                                                                                                                                                   D +
+                                                                                                                                                                                                    - +
+                                                                                                                                                                                                    - +
+                                                                                                                                                                             -D                     - +
+                                                                                                                                                                                                    - +
+                                                                                                                                                                                                    - +
+                                                                                                                                                                                                    - +
+                                                                                                                                                                                                    - +
+                                                                                                                                                                                                    - +
+                                                                                                                                                                                                    - +
+                                                                                                                                                                                                    - +
+                                                                                                                                                                                                    - +
+                                                                                                          -----------------                                                                         - +
+                                                                                                                                                                                                    - +
+                                                                                                                                                                                                    - +
+                                                                                                                                                                                                    - +
+                                                                                                                                                                                                    - +
+                                                                                                                                                                                                    - +
+                                                                                                                                                                                                      +
+                                                                                                                                                                                                      +
+                                                                                                                                           -                                                          +
+                                                                   -                                                                       -                                                          +
+                                                                   -                                                                       -                                                          +
+                                                                   -                                                                       -                                                          +
+                                                                   -                                                                       -                                                          +
+                                                                   -                                                                       -                                                          +
+                                                                   -                                                                       -                                                          +
+                                                                   -                                                                       -                                                          +
+                                                                   -                                                                       -                                                          +
+                                                                   -                                                                       -                                                          +
+                                                                   -                                                                       -                                                          +
+                                                                   -                                                                       -                                                          +
+                                                                   -                                                                       -                                                          +
+                                                                   -                                                                                                                 -D-------------- +
+                           ------------------                                                                                                                                                         +
+                                                                                                                                                                                                      +
+                                                                                                                                                                                                      +
+                                                                                                                                                                                           -          +
+                                                                                                                                                                                           -          +
+                                                                                                                                                         -D----------                      -          +
+                                                                                                                                                                                           -          +
+                                                                                                                                                                                           -          +
+                                                                                                                                                  -----------                      ---     -          +
+                                                                                                                                                                                           -          +
+                                                                                                                                                                                           -          +
+                           -                                                                                                                                                               -          +
+                           D                                                                                                                                                               -          +
+                           -                                                                                                                                                               -          +
+     -                     -                                                                                                                                                               -          +
+     -                     -                                                                                                                                                               -          +
+     -                     -                                                                                                                                                               -          +
+     -                     -                                                                                  -                                                                            -          +
+     -                     -                                                                                  -                                                                            -          +
+     -                     -                                                                                  -                                                                            -          +
+     -                     -                                                                                  -                                                                            -          +
+     -                     -                                                                                  -                                                                                       +
+     -                                                                                                        -                                                                                       +
+     -                                                                                                        -                                                                                       +
+     -                                                                                                        -                                                                                       +
+     -                                                                                                        -                                                                                       +
+     -                                                                                                        -                                                                                       +
+     -                  -                                                                                     -                                                                                       +
+     -                  D                                                                                     -                                                                                       +
+                        -                                                                                     -                                                                                       +
+                        -                                        -                                            -                                                                                       +
+                        -                                        -                                            -                                                                                       +
+                        -                                        -                                            -                                                                                       +
+                        -                                        -                                            -                                                                                       +
+                        -                                        -                                                                                                                                  - +
+                        -                                        -                                                                                                                                  - +
+                        -                                        -                                                                                                                                  - +
+                                                                 -                                                                                                                                  - +
+                                                                 -                                                                                                                                  - +
+                                                                 -                                                                                                                                  - +
+                                                                 -                                                                                                                                  - +
+                                                                                                                                                                                                    - +
+                                                                                                                                                                                                    - +
+                                                                                                                                                                                                    - +
+                                                                                                                                                     ---------                                      - +
+                                                                                                                                                                                                    - +
+                                                                                                                                                                                                    - +
+                                                                                                                                                                                                    - +
+                                                                                                                                                                                                    - +
+                                                                                                                                                                                                    - +
+                                                                                                                                                                                                    - +
+                                                                                                                                                                                                    - +
+                                                                                                                                                                                                      +
+                                                                                                                                                                                                      +
+                                                                                                                                                                                                      +
+                                                                                                                                                                                                      +
+                            -------------                                                                                                                                                             +
+                                                                                                                                                                                                      +
+                                                                                                                                                                                                      +
+                                                                                                                                                                                                      +
+                                                                                                                                                                                                      +
+                                                                                                                                                                                                      +
+                                                                                                                                                                                                      +
+                                                                                                                                                                                                      +
+                                                                                                                                                                                                      +
+                                                                                                                                                                                                      +
+                                                                                                                                                                                                      +
+                                                                                                                                                                                                      +
+                                                                                                                                                                                                      +
+                                                                                                                                                                                                      +
+                                                                                                                                                                                                      +
+                                                                                                                                                                                                      +
+                                                                                                                           